// Jest Snapshot v1, https://goo.gl/fbAQLP

exports[`Carousel matches snapshot 1`] = `
<DocumentFragment>
  <div
    class="Carousel"
  >
    <div
      class="Card"
    >
      <h4
        class="Card-title"
      >
        testing image 1
      </h4>
      <img
        alt="testing image 1"
        class="Card-image"
        src="test1.com"
      />
      <small
        class="Card-small"
      >
        Image 1 of 3.
      </small>
    </div>
    <i
      aria-label="next"
      class="fas fa-chevron-circle-right"
      data-testid="right-arrow"
    />
  </div>
</DocumentFragment>
`;
